apiVersion: v1
kind: Namespace
metadata:
  annotations: {}
  labels:
    name: syn-nfs-subdir-external-provisioner
  name: syn-nfs-subdir-external-provisioner
