apiVersion: rbac.authorization.k8s.io/v1
kind: RoleBinding
metadata:
  labels:
    app: nfs-subdir-external-provisioner
    chart: nfs-subdir-external-provisioner-4.0.17
    heritage: Helm
    release: nfs-subdir-external-provisioner
  name: leader-locking-nfs-subdir-external-provisioner
roleRef:
  apiGroup: rbac.authorization.k8s.io
  kind: Role
  name: leader-locking-nfs-subdir-external-provisioner
subjects:
  - kind: ServiceAccount
    name: nfs-subdir-external-provisioner
    namespace: syn-nfs-subdir-external-provisioner
