apiVersion: v1
kind: ServiceAccount
metadata:
  labels:
    app: nfs-subdir-external-provisioner
    chart: nfs-subdir-external-provisioner-4.0.17
    heritage: Helm
    release: nfs-subdir-external-provisioner
  name: nfs-subdir-external-provisioner
